Copyright 1986-2020 Xilinx, Inc. All Rights Reserved.
---------------------------------------------------------------------------------------------------------------------------------------------------------------------------------------------------
| Tool Version : Vivado v.2020.1 (lin64) Build 2902540 Wed May 27 19:54:35 MDT 2020
| Date         : Tue Apr 13 22:42:09 2021
| Host         : egoncu-Lenovo-IdeaPad-L340-15API running 64-bit Ubuntu 20.04.1 LTS
| Command      : report_bus_skew -warn_on_violation -file mcs_top_sampler_basys3_bus_skew_routed.rpt -pb mcs_top_sampler_basys3_bus_skew_routed.pb -rpx mcs_top_sampler_basys3_bus_skew_routed.rpx
| Design       : mcs_top_sampler_basys3
| Device       : 7a35t-cpg236
| Speed File   : -1  PRODUCTION 1.23 2018-06-13
---------------------------------------------------------------------------------------------------------------------------------------------------------------------------------------------------

Bus Skew Report

No bus skew constraints

