#-----------------------------------------------------------
# Webtalk v2020.1 (64-bit)
# SW Build 2902540 on Wed May 27 19:54:35 MDT 2020
# IP Build 2902112 on Wed May 27 22:43:36 MDT 2020
# Start of session at: Mon Apr 19 11:29:27 2021
# Process ID: 694702
# Current directory: /home/egoncu/Desktop/github/fastSorting/prj/fproSampler_Lightsup/fproSampler_Lightsup.sim/sim_1/behav/xsim
# Command line: wbtcv -mode batch -source /home/egoncu/Desktop/github/fastSorting/prj/fproSampler_Lightsup/fproSampler_Lightsup.sim/sim_1/behav/xsim/xsim.dir/sorter_wrapper_test_behav/webtalk/xsim_webtalk.tcl -notrace
# Log file: /home/egoncu/Desktop/github/fastSorting/prj/fproSampler_Lightsup/fproSampler_Lightsup.sim/sim_1/behav/xsim/webtalk.log
# Journal file: /home/egoncu/Desktop/github/fastSorting/prj/fproSampler_Lightsup/fproSampler_Lightsup.sim/sim_1/behav/xsim/webtalk.jou
#-----------------------------------------------------------
source /home/egoncu/Desktop/github/fastSorting/prj/fproSampler_Lightsup/fproSampler_Lightsup.sim/sim_1/behav/xsim/xsim.dir/sorter_wrapper_test_behav/webtalk/xsim_webtalk.tcl -notrace
