#-----------------------------------------------------------
# Vivado v2020.1 (64-bit)
# SW Build 2902540 on Wed May 27 19:54:35 MDT 2020
# IP Build 2902112 on Wed May 27 22:43:36 MDT 2020
# Start of session at: Sat Apr  3 21:06:35 2021
# Process ID: 2774
# Current directory: /home/egoncu/Desktop/github/lightsup/prj/fproSampler_Lightsup
# Command line: vivado fproSampler_Lightsup.xpr
# Log file: /home/egoncu/Desktop/github/lightsup/prj/fproSampler_Lightsup/vivado.log
# Journal file: /home/egoncu/Desktop/github/lightsup/prj/fproSampler_Lightsup/vivado.jou
#-----------------------------------------------------------
start_gui
open_project fproSampler_Lightsup.xpr
update_compile_order -fileset sources_1
reset_run impl_1 -prev_step 
launch_runs impl_1 -to_step write_bitstream -jobs 4
wait_on_run impl_1
open_run impl_1
report_utilization -name utilization_1
file mkdir /home/egoncu/Desktop/github/lightsup/prj/fproSampler_Lightsup/fproSampler_Lightsup.srcs/sim_1/new
set_property SOURCE_SET sources_1 [get_filesets sim_1]
close [ open /home/egoncu/Desktop/github/lightsup/prj/fproSampler_Lightsup/fproSampler_Lightsup.srcs/sim_1/new/test_bench_for_complete_system.vhd w ]
add_files -fileset sim_1 /home/egoncu/Desktop/github/lightsup/prj/fproSampler_Lightsup/fproSampler_Lightsup.srcs/sim_1/new/test_bench_for_complete_system.vhd
update_compile_order -fileset sim_1
update_compile_order -fileset sim_1
update_compile_order -fileset sim_1
update_compile_order -fileset sim_1
launch_simulation
launch_simulation
launch_simulation
source test_bench_for_complete_system.tcl
run 1000 us
close_sim
launch_simulation
launch_simulation
launch_simulation
launch_simulation
source test_bench_for_complete_system.tcl
run all
relaunch_sim
run all
add_files -fileset cpu -norecurse /home/egoncu/Desktop/github/lightsup/prj/vitis/lights_app2/Debug/lights_app2.elf
close_sim
launch_simulation
source test_bench_for_complete_system.tcl
run all
close_sim
launch_simulation
source test_bench_for_complete_system.tcl
run all
relaunch_sim
relaunch_sim
run all
add_files -fileset cpu -norecurse /home/egoncu/Desktop/github/lightsup/prj/vitis/lights_app2/Debug/lights_app2.elf
close_sim
launch_simulation
source test_bench_for_complete_system.tcl
run all
add_files -fileset cpu -norecurse /home/egoncu/Desktop/github/lightsup/prj/vitis/lights_app2/Debug/lights_app2.elf
import_files -fileset cpu -norecurse /home/egoncu/Desktop/github/lightsup/prj/vitis/lights_app2/Debug/lights_app2.elf
add_files -fileset cpu -norecurse /home/egoncu/Desktop/github/lightsup/prj/vitis/lights_app2/Debug/lights_app2.elf
export_ip_user_files -of_objects  [get_files /home/egoncu/Desktop/github/lightsup/prj/vitis/lights_app2/Debug/lights_app2.elf] -no_script -reset -force -quiet
remove_files  -fileset cpu /home/egoncu/Desktop/github/lightsup/prj/vitis/lights_app2/Debug/lights_app2.elf
set_property USED_IN {synthesis implementation simulation} [get_files /home/egoncu/Desktop/github/lightsup/hw/ip/cpu.xci]
reset_run synth_1
launch_runs synth_1 -jobs 4
wait_on_run synth_1
